Dump	Read
Read	.init.scripts.exists "nfsserver" true
Read	.init.scripts.runlevel "nfsserver" $["network":$["start":["3", "5"], "stop":["3", "5"]], "networkmanager":$["start":[], "stop":[]], "nfsserver":$["start":["3", "5"], "stop":["3", "5"]], "portmap":$["start":["3", "5"], "stop":["3", "5"]]]
Read	.etc.exports [$["allowed":["proj*.local.domain(rw)"], "mountpoint":"/projects"], $["allowed":["*.local.domain(ro)", "@trusted(rw)"], "mountpoint":"/usr"], $["allowed":["(ro,insecure,all_squash)"], "mountpoint":"/pub"]]
Read	.init.scripts.exists "nfslock" false
Read	.sysconfig.nfs.NFS4_SUPPORT nil
Read	.sysconfig.nfs.NFS_SECURITY_GSS nil
Read	.init.scripts.exists "SuSEfirewall2_init" true
Read	.init.scripts.runlevel "SuSEfirewall2_init" $["network":$["start":["3", "5"], "stop":["3", "5"]], "networkmanager":$["start":[], "stop":[]], "nfsserver":$["start":["3", "5"], "stop":["3", "5"]], "portmap":$["start":["3", "5"], "stop":["3", "5"]]]
Read	.init.scripts.exists "SuSEfirewall2_init" true
Execute	.target.bash "/etc/init.d/SuSEfirewall2_init status" $["TERM":"raw"] 0
Return	true
Dump	Write OK
Read	.target.dir "/projects" nil
Execute	.target.mkdir "/projects" true
Read	.target.dir "/usr" nil
Execute	.target.mkdir "/usr" true
Read	.target.dir "/pub" nil
Execute	.target.mkdir "/pub" true
Write	.etc.exports [$["allowed":["proj*.local.domain(rw)"], "mountpoint":"/projects"], $["allowed":["*.local.domain(ro)", "@trusted(rw)"], "mountpoint":"/usr"], $["allowed":["(ro,insecure,all_squash)"], "mountpoint":"/pub"]] true
Write	.sysconfig.nfs.NFS4_SUPPORT "no" true
Write	.sysconfig.nfs.NFS_SECURITY_GSS "no" true
Write	.sysconfig.nfs nil true
Read	.init.scripts.exists "portmap" true
Read	.init.scripts.exists "portmap" true
Read	.init.scripts.exists "portmap" true
Read	.init.scripts.runlevel "portmap" $["network":$["start":["3", "5"], "stop":["3", "5"]], "networkmanager":$["start":[], "stop":[]], "nfsserver":$["start":["3", "5"], "stop":["3", "5"]], "portmap":$["start":["3", "5"], "stop":["3", "5"]]]
Read	.init.scripts.comment "portmap" $["nfsserver":$[], "portmap":$[]]
Read	.init.scripts.exists "nfsserver" true
Read	.init.scripts.exists "nfsserver" true
Read	.init.scripts.exists "nfsserver" true
Read	.init.scripts.runlevel "nfsserver" $["network":$["start":["3", "5"], "stop":["3", "5"]], "networkmanager":$["start":[], "stop":[]], "nfsserver":$["start":["3", "5"], "stop":["3", "5"]], "portmap":$["start":["3", "5"], "stop":["3", "5"]]]
Read	.init.scripts.comment "nfsserver" $["nfsserver":$[], "portmap":$[]]
Read	.init.scripts.exists "idmapd" true
Execute	.target.bash "/etc/init.d/idmapd status" $["TERM":"raw"] 0
Read	.init.scripts.exists "svcgssd" true
Execute	.target.bash "/etc/init.d/svcgssd status" $["TERM":"raw"] 0
Read	.init.scripts.exists "svcgssd" true
Execute	.target.bash "/etc/init.d/svcgssd stop" $["TERM":"raw"] 0
Read	.init.scripts.exists "portmap" true
Execute	.target.bash "/etc/init.d/portmap status" $["TERM":"raw"] 0
Read	.init.scripts.exists "nfsserver" true
Execute	.target.bash "/etc/init.d/nfsserver stop" $["TERM":"raw"] 0
Read	.init.scripts.exists "nfsserver" true
Execute	.target.bash "/etc/init.d/nfsserver start" $["TERM":"raw"] 0
Read	.init.scripts.exists "nfsserver" true
Execute	.target.bash "/etc/init.d/nfsserver status" $["TERM":"raw"] 0
Read	.init.scripts.exists "SuSEfirewall2_init" true
Execute	.target.bash "/etc/init.d/SuSEfirewall2_init status" $["TERM":"raw"] 0
Return	true
Dump	Write KO
Read	.target.dir "/projects" nil
Execute	.target.mkdir "/projects" true
Read	.target.dir "/usr" nil
Execute	.target.mkdir "/usr" true
Read	.target.dir "/pub" nil
Execute	.target.mkdir "/pub" true
Write	.etc.exports [$["allowed":["proj*.local.domain(rw)"], "mountpoint":"/projects"], $["allowed":["*.local.domain(ro)", "@trusted(rw)"], "mountpoint":"/usr"], $["allowed":["(ro,insecure,all_squash)"], "mountpoint":"/pub"]] false
Log	Unable to write to /etc/exports.
Return	false
