Dump	
Dump	Read  - services are running
Dump	
Read	.etc.exports [$["allowed":["proj*.local.domain(rw)"], "mountpoint":"/projects"], $["allowed":["*.local.domain(ro)", "@trusted(rw)"], "mountpoint":"/usr"], $["allowed":["(ro,insecure,all_squash)"], "mountpoint":"/pub"]]
Read	.sysconfig.nfs.NFS4_SUPPORT nil
Read	.sysconfig.nfs.NFS_SECURITY_GSS nil
Return	true
Dump	
Dump	Write - services will be stopped
Dump	
Read	.target.dir "/projects" nil
Execute	.target.mkdir "/projects" true
Read	.target.dir "/usr" nil
Execute	.target.mkdir "/usr" true
Read	.target.dir "/pub" nil
Execute	.target.mkdir "/pub" true
Write	.etc.exports [$["allowed":["proj*.local.domain(rw)"], "mountpoint":"/projects"], $["allowed":["*.local.domain(ro)", "@trusted(rw)"], "mountpoint":"/usr"], $["allowed":["(ro,insecure,all_squash)"], "mountpoint":"/pub"]] true
Write	.sysconfig.nfs.NFS4_SUPPORT "no" true
Write	.sysconfig.nfs.NFS_SECURITY_GSS "no" true
Write	.sysconfig.nfs nil true
Return	true
Dump	
Dump	Read  - services are running
Dump	
Read	.etc.exports [$["allowed":["proj*.local.domain(rw)"], "mountpoint":"/projects"], $["allowed":["*.local.domain(ro)", "@trusted(rw)"], "mountpoint":"/usr"], $["allowed":["(ro,insecure,all_squash)"], "mountpoint":"/pub"]]
Read	.sysconfig.nfs.NFS4_SUPPORT nil
Read	.sysconfig.nfs.NFS_SECURITY_GSS nil
Return	true
Dump	
Dump	Write - services are running
Dump	
Read	.target.dir "/projects" nil
Execute	.target.mkdir "/projects" true
Read	.target.dir "/usr" nil
Execute	.target.mkdir "/usr" true
Read	.target.dir "/pub" nil
Execute	.target.mkdir "/pub" true
Write	.etc.exports [$["allowed":["proj*.local.domain(rw)"], "mountpoint":"/projects"], $["allowed":["*.local.domain(ro)", "@trusted(rw)"], "mountpoint":"/usr"], $["allowed":["(ro,insecure,all_squash)"], "mountpoint":"/pub"]] true
Write	.sysconfig.nfs.NFS4_SUPPORT "no" true
Write	.sysconfig.nfs.NFS_SECURITY_GSS "no" true
Write	.sysconfig.nfs nil true
Log	Unable to restart the NFS server.
Return	false
Dump	
Dump	Read  - services are stopped
Dump	
Read	.etc.exports [$["allowed":["proj*.local.domain(rw)"], "mountpoint":"/projects"], $["allowed":["*.local.domain(ro)", "@trusted(rw)"], "mountpoint":"/usr"], $["allowed":["(ro,insecure,all_squash)"], "mountpoint":"/pub"]]
Read	.sysconfig.nfs.NFS4_SUPPORT nil
Read	.sysconfig.nfs.NFS_SECURITY_GSS nil
Return	true
Dump	
Dump	Write - services will be stopped
Dump	
Read	.target.dir "/projects" nil
Execute	.target.mkdir "/projects" true
Read	.target.dir "/usr" nil
Execute	.target.mkdir "/usr" true
Read	.target.dir "/pub" nil
Execute	.target.mkdir "/pub" true
Write	.etc.exports [$["allowed":["proj*.local.domain(rw)"], "mountpoint":"/projects"], $["allowed":["*.local.domain(ro)", "@trusted(rw)"], "mountpoint":"/usr"], $["allowed":["(ro,insecure,all_squash)"], "mountpoint":"/pub"]] true
Write	.sysconfig.nfs.NFS4_SUPPORT "no" true
Write	.sysconfig.nfs.NFS_SECURITY_GSS "no" true
Write	.sysconfig.nfs nil true
Return	true
Dump	
Dump	Read  - services are stopped
Dump	
Read	.etc.exports [$["allowed":["proj*.local.domain(rw)"], "mountpoint":"/projects"], $["allowed":["*.local.domain(ro)", "@trusted(rw)"], "mountpoint":"/usr"], $["allowed":["(ro,insecure,all_squash)"], "mountpoint":"/pub"]]
Read	.sysconfig.nfs.NFS4_SUPPORT nil
Read	.sysconfig.nfs.NFS_SECURITY_GSS nil
Return	true
Dump	
Dump	Write - services will be started
Dump	
Read	.target.dir "/projects" nil
Execute	.target.mkdir "/projects" true
Read	.target.dir "/usr" nil
Execute	.target.mkdir "/usr" true
Read	.target.dir "/pub" nil
Execute	.target.mkdir "/pub" true
Write	.etc.exports [$["allowed":["proj*.local.domain(rw)"], "mountpoint":"/projects"], $["allowed":["*.local.domain(ro)", "@trusted(rw)"], "mountpoint":"/usr"], $["allowed":["(ro,insecure,all_squash)"], "mountpoint":"/pub"]] true
Write	.sysconfig.nfs.NFS4_SUPPORT "no" true
Write	.sysconfig.nfs.NFS_SECURITY_GSS "no" true
Write	.sysconfig.nfs nil true
Log	Unable to restart the NFS server.
Return	false
