Return	true
Return	false
Return	false
Return	false
Return	false
Return	false
Return	false
Return	true
Log	Invalid option.
Return	false
Return	true
Return	true
Return	true
Return	false
Return	false
